2026-05-08 17:23:51 | INFO     | PDFProcessor | Logger initialized. Log file: output\logs\20260508_172351_processor.log
2026-05-08 17:26:45 | DEBUG    | PDFProcessor | Directory ensured: C:\Office DTLP\AltiusNxt\PDF\output\output\images
2026-05-08 17:26:45 | DEBUG    | PDFProcessor | Directory ensured: C:\Office DTLP\AltiusNxt\PDF\output\output\json
2026-05-08 17:26:45 | DEBUG    | PDFProcessor | Directory ensured: C:\Office DTLP\AltiusNxt\PDF\output\output\excel
2026-05-08 17:26:45 | DEBUG    | PDFProcessor | Directory ensured: C:\Office DTLP\AltiusNxt\PDF\output\output\logs
2026-05-08 17:26:45 | INFO     | PDFProcessor | Converting PDF → images: VAKALATH 2.pdf @ 200 DPI
2026-05-08 17:26:45 | ERROR    | PDFProcessor | Traceback (most recent call last):
  File "C:\Office DTLP\AltiusNxt\PDF\.venv\Lib\site-packages\pdf2image\pdf2image.py", line 581, in pdfinfo_from_path
    proc = Popen(command, env=env, stdout=PIPE, stderr=PIPE)
           ^^^^^^^^^^^^^^^^^^^^^^^^^^^^^^^^^^^^^^^^^^^^^^^^^
  File "C:\Program Files\Python311\Lib\subprocess.py", line 1026, in __init__
    self._execute_child(args, executable, preexec_fn, close_fds,
  File "C:\Program Files\Python311\Lib\subprocess.py", line 1538, in _execute_child
    hp, ht, pid, tid = _winapi.CreateProcess(executable, args,
                       ^^^^^^^^^^^^^^^^^^^^^^^^^^^^^^^^^^^^^^^
FileNotFoundError: [WinError 2] The system cannot find the file specified

During handling of the above exception, another exception occurred:

Traceback (most recent call last):
  File "C:\Office DTLP\AltiusNxt\PDF\gui\worker.py", line 83, in run
    records = future.result()
              ^^^^^^^^^^^^^^^
  File "C:\Program Files\Python311\Lib\concurrent\futures\_base.py", line 449, in result
    return self.__get_result()
           ^^^^^^^^^^^^^^^^^^^
  File "C:\Program Files\Python311\Lib\concurrent\futures\_base.py", line 401, in __get_result
    raise self._exception
  File "C:\Program Files\Python311\Lib\concurrent\futures\thread.py", line 58, in run
    result = self.fn(*self.args, **self.kwargs)
             ^^^^^^^^^^^^^^^^^^^^^^^^^^^^^^^^^^
  File "C:\Office DTLP\AltiusNxt\PDF\gui\worker.py", line 117, in _process_pdf
    pages = pdf_to_images(pdf_path, dpi=self.dpi)
            ^^^^^^^^^^^^^^^^^^^^^^^^^^^^^^^^^^^^^
  File "C:\Office DTLP\AltiusNxt\PDF\core\pdf_processor.py", line 42, in pdf_to_images
    pages = convert_from_path(
            ^^^^^^^^^^^^^^^^^^
  File "C:\Office DTLP\AltiusNxt\PDF\.venv\Lib\site-packages\pdf2image\pdf2image.py", line 127, in convert_from_path
    page_count = pdfinfo_from_path(
                 ^^^^^^^^^^^^^^^^^^
  File "C:\Office DTLP\AltiusNxt\PDF\.venv\Lib\site-packages\pdf2image\pdf2image.py", line 607, in pdfinfo_from_path
    raise PDFInfoNotInstalledError(
pdf2image.exceptions.PDFInfoNotInstalledError: Unable to get page count. Is poppler installed and in PATH?

2026-05-08 17:26:45 | INFO     | PDFProcessor | Combined JSON saved: C:\Office DTLP\AltiusNxt\PDF\output\output\json\combined_results.json (0 records)
2026-05-08 17:26:45 | INFO     | PDFProcessor | Excel saved: C:\Office DTLP\AltiusNxt\PDF\output\output\excel\results.xlsx (0 rows)
